00:00 +0: loading D:/KitchaApp/test/mcp/memory_mcp_service_test.dart
flutter : lib/services/app_service.dart:18:
4: Error: Undefined name 'visibleForTesting
'.
At line:1 char:1
+ flutter test test/mcp/memory_mcp_service_
test.dart > test_log.txt 2>& ...
+ ~~~~~~~~~~~~~~~~~~~~~~~~~~~~~~~~~~~~~~~~~
~~~~~~~~~~~~~~~~~~~~~~~~~~~~
    + CategoryInfo          : NotSpecified 
   : (lib/services/ap...bleForTesting'.:S  
  tring) [], RemoteException
    + FullyQualifiedErrorId : NativeComman 
   dError
 
  @visibleForTesting
   ^^^^^^^^^^^^^^^^^
test/mcp/memory_mcp_service_test.dart:19:12
: Error: The method 'testLoad' isn't define
d for the type 'DotEnv'.
 - 'DotEnv' is from 'package:flutter_dotenv
/src/dotenv.dart' ('/C:/Users/yusuf/AppData
/Local/Pub/Cache/hosted/pub.dev/flutter_dot
env-6.0.0/lib/src/dotenv.dart').
Try correcting the name to the name of an e
xisting method, or defining a method named 
'testLoad'.
    dotenv.testLoad(fileInput: 'MEM0_API_KE
Y=test_key');
           ^^^^^^^^
test/mcp/memory_mcp_service_test.dart:52:14
: Error: The method 'testLoad' isn't define
d for the type 'DotEnv'.
 - 'DotEnv' is from 'package:flutter_dotenv
/src/dotenv.dart' ('/C:/Users/yusuf/AppData
/Local/Pub/Cache/hosted/pub.dev/flutter_dot
env-6.0.0/lib/src/dotenv.dart').
Try correcting the name to the name of an e
xisting method, or defining a method named 
'testLoad'.
      dotenv.testLoad(fileInput: ''); // No
 API key
             ^^^^^^^^
lib/services/memory_mcp_service.dart:60:40:
 Error: A value of type 'String' can't be r
eturned from a function with return type 'M
apEntry<dynamic, dynamic>'.
 - 'MapEntry' is from 'dart:core'.
          return response.map((e) => e.toSt
ring()).toList();
                                       ^
lib/services/memory_mcp_service.dart:60:31:
 Error: The argument type 'MapEntry<dynamic
, dynamic> Function(String)' can't be assig
ned to the parameter type 'MapEntry<dynamic
, dynamic> Function(String, dynamic)'.
 - 'MapEntry' is from 'dart:core'.
          return response.map((e) => e.toSt
ring()).toList();
                              ^
lib/services/memory_mcp_service.dart:60:52:
 Error: The method 'toList' isn't defined f
or the type 'Map<dynamic, dynamic>'.
 - 'Map' is from 'dart:core'.
Try correcting the name to the name of an e
xisting method, or defining a method named 
'toList'.
          return response.map((e) => e.toSt
ring()).toList();
                                           
        ^^^^^^
00:00 +0 -1: loading D:/KitchaApp/test/mcp/memory_mcp_service_test.dart [E]
  Failed to load "D:/KitchaApp/test/mcp/memory_mcp_service_test.dart":
  Compilation failed for testPath=D:/KitchaApp/test/mcp/memory_mcp_service_test.dart: lib/services/app_service.dart:18:4: Error: Undefined name 'visibleForTesting'.
    @visibleForTesting
     ^^^^^^^^^^^^^^^^^
  test/mcp/memory_mcp_service_test.dart:19:12: Error: The method 'testLoad' isn't defined for the type 'DotEnv'.
   - 'DotEnv' is from 'package:flutter_dotenv/src/dotenv.dart' ('/C:/Users/yusuf/AppData/Local/Pub/Cache/hosted/pub.dev/flutter_dotenv-6.0.0/lib/src/dotenv.dart').
  Try correcting the name to the name of an existing method, or defining a method named 'testLoad'.
      dotenv.testLoad(fileInput: 'MEM0_API_KEY=test_key');
             ^^^^^^^^
  test/mcp/memory_mcp_service_test.dart:52:14: Error: The method 'testLoad' isn't defined for the type 'DotEnv'.
   - 'DotEnv' is from 'package:flutter_dotenv/src/dotenv.dart' ('/C:/Users/yusuf/AppData/Local/Pub/Cache/hosted/pub.dev/flutter_dotenv-6.0.0/lib/src/dotenv.dart').
  Try correcting the name to the name of an existing method, or defining a method named 'testLoad'.
        dotenv.testLoad(fileInput: ''); // No API key
               ^^^^^^^^
  lib/services/memory_mcp_service.dart:60:40: Error: A value of type 'String' can't be returned from a function with return type 'MapEntry<dynamic, dynamic>'.
   - 'MapEntry' is from 'dart:core'.
            return response.map((e) => e.toString()).toList();
                                         ^
  lib/services/memory_mcp_service.dart:60:31: Error: The argument type 'MapEntry<dynamic, dynamic> Function(String)' can't be assigned to the parameter type 'MapEntry<dynamic, dynamic> Function(String, dynamic)'.
   - 'MapEntry' is from 'dart:core'.
            return response.map((e) => e.toString()).toList();
                                ^
  lib/services/memory_mcp_service.dart:60:52: Error: The method 'toList' isn't defined for the type 'Map<dynamic, dynamic>'.
   - 'Map' is from 'dart:core'.
  Try correcting the name to the name of an existing method, or defining a method named 'toList'.
            return response.map((e) => e.toString()).toList();
                                                     ^^^^^^
  .
00:00 +0 -1: Some tests failed.
